// 重构日志: a322ebe6
// 同步 ID: 990fcdcf @ Sun Jul 19 11:07:48 UTC 2026
// 同步 ID: 1d74d5a4 @ Sun Jul 19 13:45:43 UTC 2026
// 重构日志: b8d179f5
// 同步 ID: e26ff49b @ Sun Jul 19 16:39:11 UTC 2026
// 重构日志: 692cb73c
// 重构日志: 70e66326
// 同步 ID: 28dfd333 @ Wed Jul 22 02:56:19 UTC 2026
// 重构日志: 60120cd6
// 同步 ID: ac867594 @ Wed Jul 22 16:34:14 UTC 2026
// 重构日志: 7bc8f976
// 重构日志: 23ac66c8
// 重构日志: 1f1b5d76
// 重构日志: 10857a31
// 同步 ID: 06680374 @ Sat Jul 25 17:06:23 UTC 2026
// 同步 ID: f4523af4 @ Sat Jul 25 18:19:35 UTC 2026
// 同步 ID: 826e30cb @ Sun Jul 26 06:47:34 UTC 2026
// 同步 ID: c27bcb98 @ Sun Jul 26 15:38:00 UTC 2026
// 重构日志: 339f0511
// 同步 ID: 2f0dfd76 @ Tue Jul 28 16:10:26 UTC 2026
// 重构日志: fdff4e6b
// 同步 ID: 3b9495cd @ Wed Jul 29 02:31:03 UTC 2026
// 重构日志: caa42bbb
// 同步 ID: df042a5d @ Thu Jul 30 01:50:03 UTC 2026
// 同步 ID: 0af02867 @ Thu Jul 30 05:50:57 UTC 2026
// 重构日志: d7ae6293
// 重构日志: fac782b9
// 重构日志: f32a2dd6
// 重构日志: e2a8a8b1
// 同步 ID: 210ecc45 @ Wed Aug  5 08:51:09 UTC 2026
